// Jest Snapshot v1, https://goo.gl/fbAQLP

exports[`Chapter Loading renders loading skeleton 1`] = `
{
  "asFragment": [Function],
  "baseElement": <body>
    <div>
      <tr
        class="my-10"
      >
        <td
          class="px-4 w-[5%]"
        >
          <p
            class="py-1 my-4 rounded-sm animate-pulse bg-neutral-03"
          />
        </td>
        <td
          class="px-4 w-[20%]"
        >
          <div
            class="flex flex-col justify-between h-full"
          >
            <p
              class="py-1 rounded-sm animate-pulse bg-neutral-03"
            />
          </div>
        </td>
        <td
          class="px-4 w-[15%]"
        >
          <p
            class="py-1 rounded-sm animate-pulse bg-neutral-03"
          />
        </td>
        <td
          class="px-4 w-[40%]"
        >
          <div
            class="flex flex-col justify-between h-full"
          >
            <p
              class="w-5/6 py-1 mt-1 rounded-sm animate-pulse bg-neutral-03"
            />
            <p
              class="w-3/4 py-1 mt-1 rounded-sm animate-pulse bg-neutral-03"
            />
            <p
              class="w-4/5 py-1 mt-1 rounded-sm animate-pulse bg-neutral-03"
            />
          </div>
        </td>
        <td
          class="px-4 w-[40%]"
        >
          <div
            class="flex flex-col justify-start h-full lg:flex-row"
          >
            <p
              class="w-16 py-3 mt-2 mr-2 xl:mt-0 animate-pulse bg-neutral-03 rounded-xl"
            />
            <p
              class="w-16 py-3 mt-2 xl:mt-0 animate-pulse bg-neutral-03 rounded-xl"
            />
          </div>
        </td>
      </tr>
    </div>
  </body>,
  "container": <div>
    <tr
      class="my-10"
    >
      <td
        class="px-4 w-[5%]"
      >
        <p
          class="py-1 my-4 rounded-sm animate-pulse bg-neutral-03"
        />
      </td>
      <td
        class="px-4 w-[20%]"
      >
        <div
          class="flex flex-col justify-between h-full"
        >
          <p
            class="py-1 rounded-sm animate-pulse bg-neutral-03"
          />
        </div>
      </td>
      <td
        class="px-4 w-[15%]"
      >
        <p
          class="py-1 rounded-sm animate-pulse bg-neutral-03"
        />
      </td>
      <td
        class="px-4 w-[40%]"
      >
        <div
          class="flex flex-col justify-between h-full"
        >
          <p
            class="w-5/6 py-1 mt-1 rounded-sm animate-pulse bg-neutral-03"
          />
          <p
            class="w-3/4 py-1 mt-1 rounded-sm animate-pulse bg-neutral-03"
          />
          <p
            class="w-4/5 py-1 mt-1 rounded-sm animate-pulse bg-neutral-03"
          />
        </div>
      </td>
      <td
        class="px-4 w-[40%]"
      >
        <div
          class="flex flex-col justify-start h-full lg:flex-row"
        >
          <p
            class="w-16 py-3 mt-2 mr-2 xl:mt-0 animate-pulse bg-neutral-03 rounded-xl"
          />
          <p
            class="w-16 py-3 mt-2 xl:mt-0 animate-pulse bg-neutral-03 rounded-xl"
          />
        </div>
      </td>
    </tr>
  </div>,
  "debug": [Function],
  "findAllByAltText": [Function],
  "findAllByDisplayValue": [Function],
  "findAllByLabelText": [Function],
  "findAllByPlaceholderText": [Function],
  "findAllByRole": [Function],
  "findAllByTestId": [Function],
  "findAllByText": [Function],
  "findAllByTitle": [Function],
  "findByAltText": [Function],
  "findByDisplayValue": [Function],
  "findByLabelText": [Function],
  "findByPlaceholderText": [Function],
  "findByRole": [Function],
  "findByTestId": [Function],
  "findByText": [Function],
  "findByTitle": [Function],
  "getAllByAltText": [Function],
  "getAllByDisplayValue": [Function],
  "getAllByLabelText": [Function],
  "getAllByPlaceholderText": [Function],
  "getAllByRole": [Function],
  "getAllByTestId": [Function],
  "getAllByText": [Function],
  "getAllByTitle": [Function],
  "getByAltText": [Function],
  "getByDisplayValue": [Function],
  "getByLabelText": [Function],
  "getByPlaceholderText": [Function],
  "getByRole": [Function],
  "getByTestId": [Function],
  "getByText": [Function],
  "getByTitle": [Function],
  "queryAllByAltText": [Function],
  "queryAllByDisplayValue": [Function],
  "queryAllByLabelText": [Function],
  "queryAllByPlaceholderText": [Function],
  "queryAllByRole": [Function],
  "queryAllByTestId": [Function],
  "queryAllByText": [Function],
  "queryAllByTitle": [Function],
  "queryByAltText": [Function],
  "queryByDisplayValue": [Function],
  "queryByLabelText": [Function],
  "queryByPlaceholderText": [Function],
  "queryByRole": [Function],
  "queryByTestId": [Function],
  "queryByText": [Function],
  "queryByTitle": [Function],
  "rerender": [Function],
  "unmount": [Function],
}
`;
