// Jest Snapshot v1, https://goo.gl/fbAQLP

exports[`Navbar Component Should renders the sidebar component 1`] = `
{
  "asFragment": [Function],
  "baseElement": <body>
    <div>
      <aside
        class="bg-primary-dark-blue text-white w-60 md:w-3/12 lg:w-[15%]
      transition-all duration-300 ease-in-out  -translate-x-3/4 md:translate-x-0
      overflow-y-auto z-50 shadow-lg fixed top-0 left-0 bottom-0 md:pt-0 "
      >
        <button
          class="fixed z-50 px-3 py-2 text-white rounded md:hidden right-4 top-14 bg-orange-05"
          title="hamburger-button"
        >
          <svg
            fill="none"
            height="1em"
            stroke="currentColor"
            stroke-width="0"
            viewBox="0 0 15 15"
            width="1em"
            xmlns="http://www.w3.org/2000/svg"
          >
            <path
              clip-rule="evenodd"
              d="M1.5 3C1.22386 3 1 3.22386 1 3.5C1 3.77614 1.22386 4 1.5 4H13.5C13.7761 4 14 3.77614 14 3.5C14 3.22386 13.7761 3 13.5 3H1.5ZM1 7.5C1 7.22386 1.22386 7 1.5 7H13.5C13.7761 7 14 7.22386 14 7.5C14 7.77614 13.7761 8 13.5 8H1.5C1.22386 8 1 7.77614 1 7.5ZM1 11.5C1 11.2239 1.22386 11 1.5 11H13.5C13.7761 11 14 11.2239 14 11.5C14 11.7761 13.7761 12 13.5 12H1.5C1.22386 12 1 11.7761 1 11.5Z"
              fill="currentColor"
              fill-rule="evenodd"
            />
          </svg>
        </button>
        <img
          alt="Icon Belajar"
          class="md:m-auto"
          data-nimg="1"
          decoding="async"
          fetchpriority="high"
          height="110"
          src="/_next/image?url=%2Fimg%2FiconPreducation.png&w=256&q=75"
          srcset="/_next/image?url=%2Fimg%2FiconPreducation.png&w=128&q=75 1x, /_next/image?url=%2Fimg%2FiconPreducation.png&w=256&q=75 2x"
          style="color: transparent;"
          width="110"
        />
        <nav
          class="py-2 mt-6 md:mt-3"
        >
          <ul
            class="flex flex-col justify-end items-end pr-3 md:pr-0 md:block"
          >
            <li
              class=" text-white py-3 bg-orange-05"
              data-testid="Dashboard"
            >
              <button
                class="flex items-center px-4"
                href="/admin/dashboard"
              >
                <span>
                  <svg
                    fill="none"
                    height="1em"
                    stroke="currentColor"
                    stroke-linecap="round"
                    stroke-linejoin="round"
                    stroke-width="2"
                    viewBox="0 0 24 24"
                    width="1em"
                    xmlns="http://www.w3.org/2000/svg"
                  >
                    <rect
                      height="9"
                      rx="1"
                      width="7"
                      x="3"
                      y="3"
                    />
                    <rect
                      height="5"
                      rx="1"
                      width="7"
                      x="14"
                      y="3"
                    />
                    <rect
                      height="9"
                      rx="1"
                      width="7"
                      x="14"
                      y="12"
                    />
                    <rect
                      height="5"
                      rx="1"
                      width="7"
                      x="3"
                      y="16"
                    />
                  </svg>
                </span>
                <span
                  class="ml-3 hidden md:block font-bold"
                >
                  Dashboard
                </span>
              </button>
            </li>
            <li
              class=" text-white py-3 "
              data-testid="Kelola Kelas"
            >
              <button
                class="flex items-center px-4"
                href="/admin/course"
              >
                <span>
                  <svg
                    fill="currentColor"
                    height="1em"
                    role="img"
                    stroke="currentColor"
                    stroke-width="0"
                    viewBox="0 0 24 24"
                    width="1em"
                    xmlns="http://www.w3.org/2000/svg"
                  >
                    <title />
                    <path
                      d="M1.6367 1.6367C.7322 1.6367 0 2.369 0 3.2734v17.4532c0 .9045.7322 1.6367 1.6367 1.6367h20.7266c.9045 0 1.6367-.7322 1.6367-1.6367V3.2734c0-.9045-.7322-1.6367-1.6367-1.6367H1.6367zm.545 2.1817h19.6367v16.3632h-2.7266v-1.0898h-4.9102v1.0898h-12V3.8184zM12 8.1816c-.9046 0-1.6367.7322-1.6367 1.6368 0 .9045.7321 1.6367 1.6367 1.6367.9046 0 1.6367-.7322 1.6367-1.6367 0-.9046-.7321-1.6368-1.6367-1.6368zm-4.3633 1.9102c-.6773 0-1.2285.5493-1.2285 1.2266 0 .6772.5512 1.2265 1.2285 1.2265.6773 0 1.2266-.5493 1.2266-1.2265 0-.6773-.5493-1.2266-1.2266-1.2266zm8.7266 0c-.6773 0-1.2266.5493-1.2266 1.2266 0 .6772.5493 1.2265 1.2266 1.2265.6773 0 1.2285-.5493 1.2285-1.2265 0-.6773-.5512-1.2266-1.2285-1.2266zM12 12.5449c-1.179 0-2.4128.4012-3.1484 1.0059-.384-.1198-.8043-.1875-1.2149-.1875-1.3136 0-2.7285.695-2.7285 1.5586v.8965h14.1836v-.8965c0-.8637-1.4149-1.5586-2.7285-1.5586-.4106 0-.831.0677-1.2149.1875-.7356-.6047-1.9694-1.0059-3.1484-1.0059Z"
                    />
                  </svg>
                </span>
                <span
                  class="ml-3 hidden md:block font-bold"
                >
                  Kelola Kelas
                </span>
              </button>
            </li>
            <li
              class="text-white py-3 bg-orange-05} active:bg-orange-05 flex items-center px-4"
              data-testid="handle-logout"
            >
              <span>
                <svg
                  fill="none"
                  height="1em"
                  stroke="currentColor"
                  stroke-linecap="round"
                  stroke-linejoin="round"
                  stroke-width="2"
                  viewBox="0 0 24 24"
                  width="1em"
                  xmlns="http://www.w3.org/2000/svg"
                >
                  <path
                    d="M9 21H5a2 2 0 0 1-2-2V5a2 2 0 0 1 2-2h4"
                  />
                  <polyline
                    points="16 17 21 12 16 7"
                  />
                  <line
                    x1="21"
                    x2="9"
                    y1="12"
                    y2="12"
                  />
                </svg>
              </span>
              <span
                class="ml-3 hidden md:block font-bold"
              >
                Keluar
              </span>
            </li>
          </ul>
        </nav>
      </aside>
    </div>
  </body>,
  "container": <div>
    <aside
      class="bg-primary-dark-blue text-white w-60 md:w-3/12 lg:w-[15%]
      transition-all duration-300 ease-in-out  -translate-x-3/4 md:translate-x-0
      overflow-y-auto z-50 shadow-lg fixed top-0 left-0 bottom-0 md:pt-0 "
    >
      <button
        class="fixed z-50 px-3 py-2 text-white rounded md:hidden right-4 top-14 bg-orange-05"
        title="hamburger-button"
      >
        <svg
          fill="none"
          height="1em"
          stroke="currentColor"
          stroke-width="0"
          viewBox="0 0 15 15"
          width="1em"
          xmlns="http://www.w3.org/2000/svg"
        >
          <path
            clip-rule="evenodd"
            d="M1.5 3C1.22386 3 1 3.22386 1 3.5C1 3.77614 1.22386 4 1.5 4H13.5C13.7761 4 14 3.77614 14 3.5C14 3.22386 13.7761 3 13.5 3H1.5ZM1 7.5C1 7.22386 1.22386 7 1.5 7H13.5C13.7761 7 14 7.22386 14 7.5C14 7.77614 13.7761 8 13.5 8H1.5C1.22386 8 1 7.77614 1 7.5ZM1 11.5C1 11.2239 1.22386 11 1.5 11H13.5C13.7761 11 14 11.2239 14 11.5C14 11.7761 13.7761 12 13.5 12H1.5C1.22386 12 1 11.7761 1 11.5Z"
            fill="currentColor"
            fill-rule="evenodd"
          />
        </svg>
      </button>
      <img
        alt="Icon Belajar"
        class="md:m-auto"
        data-nimg="1"
        decoding="async"
        fetchpriority="high"
        height="110"
        src="/_next/image?url=%2Fimg%2FiconPreducation.png&w=256&q=75"
        srcset="/_next/image?url=%2Fimg%2FiconPreducation.png&w=128&q=75 1x, /_next/image?url=%2Fimg%2FiconPreducation.png&w=256&q=75 2x"
        style="color: transparent;"
        width="110"
      />
      <nav
        class="py-2 mt-6 md:mt-3"
      >
        <ul
          class="flex flex-col justify-end items-end pr-3 md:pr-0 md:block"
        >
          <li
            class=" text-white py-3 bg-orange-05"
            data-testid="Dashboard"
          >
            <button
              class="flex items-center px-4"
              href="/admin/dashboard"
            >
              <span>
                <svg
                  fill="none"
                  height="1em"
                  stroke="currentColor"
                  stroke-linecap="round"
                  stroke-linejoin="round"
                  stroke-width="2"
                  viewBox="0 0 24 24"
                  width="1em"
                  xmlns="http://www.w3.org/2000/svg"
                >
                  <rect
                    height="9"
                    rx="1"
                    width="7"
                    x="3"
                    y="3"
                  />
                  <rect
                    height="5"
                    rx="1"
                    width="7"
                    x="14"
                    y="3"
                  />
                  <rect
                    height="9"
                    rx="1"
                    width="7"
                    x="14"
                    y="12"
                  />
                  <rect
                    height="5"
                    rx="1"
                    width="7"
                    x="3"
                    y="16"
                  />
                </svg>
              </span>
              <span
                class="ml-3 hidden md:block font-bold"
              >
                Dashboard
              </span>
            </button>
          </li>
          <li
            class=" text-white py-3 "
            data-testid="Kelola Kelas"
          >
            <button
              class="flex items-center px-4"
              href="/admin/course"
            >
              <span>
                <svg
                  fill="currentColor"
                  height="1em"
                  role="img"
                  stroke="currentColor"
                  stroke-width="0"
                  viewBox="0 0 24 24"
                  width="1em"
                  xmlns="http://www.w3.org/2000/svg"
                >
                  <title />
                  <path
                    d="M1.6367 1.6367C.7322 1.6367 0 2.369 0 3.2734v17.4532c0 .9045.7322 1.6367 1.6367 1.6367h20.7266c.9045 0 1.6367-.7322 1.6367-1.6367V3.2734c0-.9045-.7322-1.6367-1.6367-1.6367H1.6367zm.545 2.1817h19.6367v16.3632h-2.7266v-1.0898h-4.9102v1.0898h-12V3.8184zM12 8.1816c-.9046 0-1.6367.7322-1.6367 1.6368 0 .9045.7321 1.6367 1.6367 1.6367.9046 0 1.6367-.7322 1.6367-1.6367 0-.9046-.7321-1.6368-1.6367-1.6368zm-4.3633 1.9102c-.6773 0-1.2285.5493-1.2285 1.2266 0 .6772.5512 1.2265 1.2285 1.2265.6773 0 1.2266-.5493 1.2266-1.2265 0-.6773-.5493-1.2266-1.2266-1.2266zm8.7266 0c-.6773 0-1.2266.5493-1.2266 1.2266 0 .6772.5493 1.2265 1.2266 1.2265.6773 0 1.2285-.5493 1.2285-1.2265 0-.6773-.5512-1.2266-1.2285-1.2266zM12 12.5449c-1.179 0-2.4128.4012-3.1484 1.0059-.384-.1198-.8043-.1875-1.2149-.1875-1.3136 0-2.7285.695-2.7285 1.5586v.8965h14.1836v-.8965c0-.8637-1.4149-1.5586-2.7285-1.5586-.4106 0-.831.0677-1.2149.1875-.7356-.6047-1.9694-1.0059-3.1484-1.0059Z"
                  />
                </svg>
              </span>
              <span
                class="ml-3 hidden md:block font-bold"
              >
                Kelola Kelas
              </span>
            </button>
          </li>
          <li
            class="text-white py-3 bg-orange-05} active:bg-orange-05 flex items-center px-4"
            data-testid="handle-logout"
          >
            <span>
              <svg
                fill="none"
                height="1em"
                stroke="currentColor"
                stroke-linecap="round"
                stroke-linejoin="round"
                stroke-width="2"
                viewBox="0 0 24 24"
                width="1em"
                xmlns="http://www.w3.org/2000/svg"
              >
                <path
                  d="M9 21H5a2 2 0 0 1-2-2V5a2 2 0 0 1 2-2h4"
                />
                <polyline
                  points="16 17 21 12 16 7"
                />
                <line
                  x1="21"
                  x2="9"
                  y1="12"
                  y2="12"
                />
              </svg>
            </span>
            <span
              class="ml-3 hidden md:block font-bold"
            >
              Keluar
            </span>
          </li>
        </ul>
      </nav>
    </aside>
  </div>,
  "debug": [Function],
  "findAllByAltText": [Function],
  "findAllByDisplayValue": [Function],
  "findAllByLabelText": [Function],
  "findAllByPlaceholderText": [Function],
  "findAllByRole": [Function],
  "findAllByTestId": [Function],
  "findAllByText": [Function],
  "findAllByTitle": [Function],
  "findByAltText": [Function],
  "findByDisplayValue": [Function],
  "findByLabelText": [Function],
  "findByPlaceholderText": [Function],
  "findByRole": [Function],
  "findByTestId": [Function],
  "findByText": [Function],
  "findByTitle": [Function],
  "getAllByAltText": [Function],
  "getAllByDisplayValue": [Function],
  "getAllByLabelText": [Function],
  "getAllByPlaceholderText": [Function],
  "getAllByRole": [Function],
  "getAllByTestId": [Function],
  "getAllByText": [Function],
  "getAllByTitle": [Function],
  "getByAltText": [Function],
  "getByDisplayValue": [Function],
  "getByLabelText": [Function],
  "getByPlaceholderText": [Function],
  "getByRole": [Function],
  "getByTestId": [Function],
  "getByText": [Function],
  "getByTitle": [Function],
  "queryAllByAltText": [Function],
  "queryAllByDisplayValue": [Function],
  "queryAllByLabelText": [Function],
  "queryAllByPlaceholderText": [Function],
  "queryAllByRole": [Function],
  "queryAllByTestId": [Function],
  "queryAllByText": [Function],
  "queryAllByTitle": [Function],
  "queryByAltText": [Function],
  "queryByDisplayValue": [Function],
  "queryByLabelText": [Function],
  "queryByPlaceholderText": [Function],
  "queryByRole": [Function],
  "queryByTestId": [Function],
  "queryByText": [Function],
  "queryByTitle": [Function],
  "rerender": [Function],
  "unmount": [Function],
}
`;
